node : (node:27840) [MO
DULE_TYPELESS_PACKAGE_J
SON] Warning: Module 
type of file:///C:/User
s/edu20/Desktop/Fitness
Tracker/server/index.js
 is not specified and 
it doesn't parse as 
CommonJS.
En línea: 1 Carácter: 1
+ node index.js > 
error_log.txt 2>&1
+ ~~~~~~~~~~~~~~~~~~~~~
~~~~~~~~~~~~~
    + CategoryInfo     
         : NotSpecifi  
  ed: ((node:27840)    
 [M...se as CommonJ    
S.:String) [], Rem    
oteException
    + FullyQualifiedEr 
   rorId : NativeComm  
  andError
 
Reparsing as ES module 
because module syntax 
was detected. This 
incurs a performance 
overhead.
To eliminate this 
warning, add "type": 
"module" to C:\Users\ed
u20\Desktop\FitnessTrac
ker\server\package.json
.
(Use `node 
--trace-warnings ...` 
to show where the 
warning was created)
[dotenv@17.3.1] injecting env (3) from .env -- tip: ­ƒøí´©Å auth for agents: https://vestauth.com
[dotenv@17.3.1] injecting env (0) from .env -- tip: ­ƒøí´©Å auth for agents: https://vestauth.com
Servidor corriendo en el puerto 3000
Error de conexi├│n a 
MongoDB: querySrv 
ECONNREFUSED _mongodb._
tcp.fittracker.henznli.
mongodb.net
